// Jest Snapshot v1, https://goo.gl/fbAQLP

exports[`InitialScreen Platform 1`] = `
<View
  style={
    Object {
      "alignItems": "center",
      "backgroundColor": "#F5FCFF",
      "flex": 1,
    }
  }
>
  <RCTScrollView
    ListFooterComponent={[Function]}
    ListHeaderComponent={[Function]}
    data={Array []}
    disableVirtualization={false}
    getItem={[Function]}
    getItemCount={[Function]}
    horizontal={false}
    initialNumToRender={10}
    keyExtractor={[Function]}
    maxToRenderPerBatch={10}
    onContentSizeChange={[Function]}
    onEndReached={[Function]}
    onEndReachedThreshold={1}
    onLayout={[Function]}
    onMomentumScrollEnd={[Function]}
    onScroll={[Function]}
    onScrollBeginDrag={[Function]}
    onScrollEndDrag={[Function]}
    removeClippedSubviews={false}
    renderItem={[Function]}
    scrollEventThrottle={50}
    stickyHeaderIndices={Array []}
    updateCellsBatchingPeriod={50}
    viewabilityConfigCallbackPairs={Array []}
    windowSize={21}
  >
    <View>
      <View
        onLayout={[Function]}
      >
        <View>
          <View>
            <View
              style={
                Object {
                  "flexDirection": "row",
                  "justifyContent": "space-between",
                }
              }
            >
              <View
                style={
                  Object {
                    "alignSelf": "stretch",
                    "flex": 1,
                    "marginHorizontal": 10,
                  }
                }
              >
                <Text
                  style={
                    Object {
                      "fontSize": 20,
                      "fontWeight": "bold",
                      "paddingTop": 10,
                    }
                  }
                >
                  My Movies
                </Text>
              </View>
            </View>
            <View>
              <RCTScrollView
                ListEmptyComponent={[Function]}
                ListFooterComponent={[Function]}
                disableVirtualization={false}
                getItem={[Function]}
                getItemCount={[Function]}
                horizontal={true}
                initialNumToRender={10}
                keyExtractor={[Function]}
                maxToRenderPerBatch={10}
                onContentSizeChange={[Function]}
                onEndReachedThreshold={2}
                onLayout={[Function]}
                onMomentumScrollEnd={[Function]}
                onScroll={[Function]}
                onScrollBeginDrag={[Function]}
                onScrollEndDrag={[Function]}
                removeClippedSubviews={false}
                renderItem={[Function]}
                scrollEventThrottle={50}
                stickyHeaderIndices={Array []}
                style={
                  Object {
                    "marginBottom": 10,
                    "marginHorizontal": 5,
                    "marginTop": 5,
                  }
                }
                updateCellsBatchingPeriod={50}
                viewabilityConfigCallbackPairs={Array []}
                windowSize={21}
              >
                <View>
                  <View
                    accessible={true}
                    focusable={true}
                    onClick={[Function]}
                    onResponderGrant={[Function]}
                    onResponderMove={[Function]}
                    onResponderRelease={[Function]}
                    onResponderTerminate={[Function]}
                    onResponderTerminationRequest={[Function]}
                    onStartShouldSetResponder={[Function]}
                    style={
                      Object {
                        "alignItems": "stretch",
                        "alignSelf": "center",
                        "flex": 1,
                        "justifyContent": "center",
                        "marginHorizontal": 5,
                        "marginTop": 10,
                        "opacity": 1,
                        "width": 730,
                      }
                    }
                  >
                    <View
                      style={
                        Object {
                          "alignItems": "center",
                          "borderColor": "black",
                          "borderRadius": 15,
                          "borderWidth": 1,
                          "justifyContent": "center",
                        }
                      }
                    >
                      <Text
                        style={
                          Object {
                            "paddingVertical": 5,
                            "textAlign": "center",
                          }
                        }
                      >
                        Add Movies
                      </Text>
                    </View>
                  </View>
                  <View
                    onLayout={[Function]}
                  >
                    <View />
                  </View>
                </View>
              </RCTScrollView>
            </View>
          </View>
          <View
            style={
              Object {
                "alignSelf": "stretch",
                "flex": 1,
                "marginHorizontal": 10,
              }
            }
          >
            <Text
              style={
                Object {
                  "fontSize": 20,
                  "fontWeight": "bold",
                  "paddingTop": 10,
                }
              }
            >
              All Movies
            </Text>
          </View>
        </View>
      </View>
      <View
        onLayout={[Function]}
      />
    </View>
  </RCTScrollView>
</View>
`;
